Archive member included to satisfy reference by file (symbol)

c:/artery/at32ide/platform/tools/gcc-arm-none-eabi-10.3-2021.10/bin/../lib/gcc/arm-none-eabi/10.3.1/thumb/v7e-m/nofp\libgcc.a(_aeabi_uldivmod.o)
                              ./firmware/at32f415_crm.o (__aeabi_uldivmod)
c:/artery/at32ide/platform/tools/gcc-arm-none-eabi-10.3-2021.10/bin/../lib/gcc/arm-none-eabi/10.3.1/thumb/v7e-m/nofp\libgcc.a(_udivmoddi4.o)
                              c:/artery/at32ide/platform/tools/gcc-arm-none-eabi-10.3-2021.10/bin/../lib/gcc/arm-none-eabi/10.3.1/thumb/v7e-m/nofp\libgcc.a(_aeabi_uldivmod.o) (__udivmoddi4)
c:/artery/at32ide/platform/tools/gcc-arm-none-eabi-10.3-2021.10/bin/../lib/gcc/arm-none-eabi/10.3.1/thumb/v7e-m/nofp\libgcc.a(_dvmd_tls.o)
                              c:/artery/at32ide/platform/tools/gcc-arm-none-eabi-10.3-2021.10/bin/../lib/gcc/arm-none-eabi/10.3.1/thumb/v7e-m/nofp\libgcc.a(_aeabi_uldivmod.o) (__aeabi_ldiv0)
c:/artery/at32ide/platform/tools/gcc-arm-none-eabi-10.3-2021.10/bin/../lib/gcc/arm-none-eabi/10.3.1/../../../../arm-none-eabi/lib/thumb/v7e-m/nofp\libg_nano.a(lib_a-exit.o)
                              c:/artery/at32ide/platform/tools/gcc-arm-none-eabi-10.3-2021.10/bin/../lib/gcc/arm-none-eabi/10.3.1/../../../../arm-none-eabi/lib/thumb/v7e-m/nofp/crt0.o (exit)
c:/artery/at32ide/platform/tools/gcc-arm-none-eabi-10.3-2021.10/bin/../lib/gcc/arm-none-eabi/10.3.1/../../../../arm-none-eabi/lib/thumb/v7e-m/nofp\libg_nano.a(lib_a-impure.o)
                              c:/artery/at32ide/platform/tools/gcc-arm-none-eabi-10.3-2021.10/bin/../lib/gcc/arm-none-eabi/10.3.1/../../../../arm-none-eabi/lib/thumb/v7e-m/nofp\libg_nano.a(lib_a-exit.o) (_global_impure_ptr)
c:/artery/at32ide/platform/tools/gcc-arm-none-eabi-10.3-2021.10/bin/../lib/gcc/arm-none-eabi/10.3.1/../../../../arm-none-eabi/lib/thumb/v7e-m/nofp\libg_nano.a(lib_a-init.o)
                              c:/artery/at32ide/platform/tools/gcc-arm-none-eabi-10.3-2021.10/bin/../lib/gcc/arm-none-eabi/10.3.1/../../../../arm-none-eabi/lib/thumb/v7e-m/nofp/crt0.o (__libc_init_array)
c:/artery/at32ide/platform/tools/gcc-arm-none-eabi-10.3-2021.10/bin/../lib/gcc/arm-none-eabi/10.3.1/../../../../arm-none-eabi/lib/thumb/v7e-m/nofp\libg_nano.a(lib_a-memset.o)
                              c:/artery/at32ide/platform/tools/gcc-arm-none-eabi-10.3-2021.10/bin/../lib/gcc/arm-none-eabi/10.3.1/../../../../arm-none-eabi/lib/thumb/v7e-m/nofp/crt0.o (memset)
c:/artery/at32ide/platform/tools/gcc-arm-none-eabi-10.3-2021.10/bin/../lib/gcc/arm-none-eabi/10.3.1/../../../../arm-none-eabi/lib/thumb/v7e-m/nofp\libg_nano.a(lib_a-setvbuf.o)
                              ./bsp/at32f415_board.o (setvbuf)
c:/artery/at32ide/platform/tools/gcc-arm-none-eabi-10.3-2021.10/bin/../lib/gcc/arm-none-eabi/10.3.1/../../../../arm-none-eabi/lib/thumb/v7e-m/nofp\libg_nano.a(lib_a-fflush.o)
                              c:/artery/at32ide/platform/tools/gcc-arm-none-eabi-10.3-2021.10/bin/../lib/gcc/arm-none-eabi/10.3.1/../../../../arm-none-eabi/lib/thumb/v7e-m/nofp\libg_nano.a(lib_a-setvbuf.o) (_fflush_r)
c:/artery/at32ide/platform/tools/gcc-arm-none-eabi-10.3-2021.10/bin/../lib/gcc/arm-none-eabi/10.3.1/../../../../arm-none-eabi/lib/thumb/v7e-m/nofp\libg_nano.a(lib_a-findfp.o)
                              c:/artery/at32ide/platform/tools/gcc-arm-none-eabi-10.3-2021.10/bin/../lib/gcc/arm-none-eabi/10.3.1/../../../../arm-none-eabi/lib/thumb/v7e-m/nofp\libg_nano.a(lib_a-setvbuf.o) (__sinit)
c:/artery/at32ide/platform/tools/gcc-arm-none-eabi-10.3-2021.10/bin/../lib/gcc/arm-none-eabi/10.3.1/../../../../arm-none-eabi/lib/thumb/v7e-m/nofp\libg_nano.a(lib_a-fwalk.o)
                              c:/artery/at32ide/platform/tools/gcc-arm-none-eabi-10.3-2021.10/bin/../lib/gcc/arm-none-eabi/10.3.1/../../../../arm-none-eabi/lib/thumb/v7e-m/nofp\libg_nano.a(lib_a-findfp.o) (_fwalk)
c:/artery/at32ide/platform/tools/gcc-arm-none-eabi-10.3-2021.10/bin/../lib/gcc/arm-none-eabi/10.3.1/../../../../arm-none-eabi/lib/thumb/v7e-m/nofp\libg_nano.a(lib_a-lock.o)
                              c:/artery/at32ide/platform/tools/gcc-arm-none-eabi-10.3-2021.10/bin/../lib/gcc/arm-none-eabi/10.3.1/../../../../arm-none-eabi/lib/thumb/v7e-m/nofp\libg_nano.a(lib_a-findfp.o) (__retarget_lock_init_recursive)
c:/artery/at32ide/platform/tools/gcc-arm-none-eabi-10.3-2021.10/bin/../lib/gcc/arm-none-eabi/10.3.1/../../../../arm-none-eabi/lib/thumb/v7e-m/nofp\libg_nano.a(lib_a-makebuf.o)
                              c:/artery/at32ide/platform/tools/gcc-arm-none-eabi-10.3-2021.10/bin/../lib/gcc/arm-none-eabi/10.3.1/../../../../arm-none-eabi/lib/thumb/v7e-m/nofp\libg_nano.a(lib_a-setvbuf.o) (__swhatbuf_r)
c:/artery/at32ide/platform/tools/gcc-arm-none-eabi-10.3-2021.10/bin/../lib/gcc/arm-none-eabi/10.3.1/../../../../arm-none-eabi/lib/thumb/v7e-m/nofp\libg_nano.a(lib_a-malloc.o)
[...]
Memory Configuration

Name             Origin             Length             Attributes
FLASH            0x08000000         0x00040000         xr
RAM              0x20000000         0x00008000         xrw
*default*        0x00000000         0xffffffff

Linker script and memory map

LOAD c:/artery/at32ide/platform/tools/gcc-arm-none-eabi-10.3-2021.10/bin/../lib/gcc/arm-none-eabi/10.3.1/thumb/v7e-m/nofp/crti.o
LOAD c:/artery/at32ide/platform/tools/gcc-arm-none-eabi-10.3-2021.10/bin/../lib/gcc/arm-none-eabi/10.3.1/thumb/v7e-m/nofp/crtbegin.o
LOAD c:/artery/at32ide/platform/tools/gcc-arm-none-eabi-10.3-2021.10/bin/../lib/gcc/arm-none-eabi/10.3.1/../../../../arm-none-eabi/lib/thumb/v7e-m/nofp/crt0.o
LOAD ./user/at32f415_clock.o
LOAD ./user/at32f415_int.o
LOAD ./user/main.o
LOAD ./firmware/at32f415_adc.o
LOAD ./firmware/at32f415_can.o
LOAD ./firmware/at32f415_cmp.o
LOAD ./firmware/at32f415_crc.o
LOAD ./firmware/at32f415_crm.o
LOAD ./firmware/at32f415_debug.o
LOAD ./firmware/at32f415_dma.o
LOAD ./firmware/at32f415_ertc.o
LOAD ./firmware/at32f415_exint.o
LOAD ./firmware/at32f415_flash.o
LOAD ./firmware/at32f415_gpio.o
LOAD ./firmware/at32f415_i2c.o
LOAD ./firmware/at32f415_misc.o
LOAD ./firmware/at32f415_pwc.o
LOAD ./firmware/at32f415_sdio.o
LOAD ./firmware/at32f415_spi.o
LOAD ./firmware/at32f415_tmr.o
LOAD ./firmware/at32f415_usart.o
LOAD ./firmware/at32f415_usb.o
LOAD ./firmware/at32f415_wdt.o
LOAD ./firmware/at32f415_wwdt.o
LOAD ./cmsis/startup_at32f415.o
LOAD ./cmsis/system_at32f415.o
LOAD ./bsp/at32f415_board.o
START GROUP
LOAD c:/artery/at32ide/platform/tools/gcc-arm-none-eabi-10.3-2021.10/bin/../lib/gcc/arm-none-eabi/10.3.1/thumb/v7e-m/nofp\libgcc.a
LOAD c:/artery/at32ide/platform/tools/gcc-arm-none-eabi-10.3-2021.10/bin/../lib/gcc/arm-none-eabi/10.3.1/../../../../arm-none-eabi/lib/thumb/v7e-m/nofp\libg_nano.a
LOAD c:/artery/at32ide/platform/tools/gcc-arm-none-eabi-10.3-2021.10/bin/../lib/gcc/arm-none-eabi/10.3.1/../../../../arm-none-eabi/lib/thumb/v7e-m/nofp\libc_nano.a
END GROUP
START GROUP
LOAD c:/artery/at32ide/platform/tools/gcc-arm-none-eabi-10.3-2021.10/bin/../lib/gcc/arm-none-eabi/10.3.1/thumb/v7e-m/nofp\libgcc.a
LOAD c:/artery/at32ide/platform/tools/gcc-arm-none-eabi-10.3-2021.10/bin/../lib/gcc/arm-none-eabi/10.3.1/../../../../arm-none-eabi/lib/thumb/v7e-m/nofp\libc_nano.a
LOAD c:/artery/at32ide/platform/tools/gcc-arm-none-eabi-10.3-2021.10/bin/../lib/gcc/arm-none-eabi/10.3.1/../../../../arm-none-eabi/lib/thumb/v7e-m/nofp\libnosys.a
END GROUP
START GROUP
LOAD c:/artery/at32ide/platform/tools/gcc-arm-none-eabi-10.3-2021.10/bin/../lib/gcc/arm-none-eabi/10.3.1/thumb/v7e-m/nofp\libgcc.a
LOAD c:/artery/at32ide/platform/tools/gcc-arm-none-eabi-10.3-2021.10/bin/../lib/gcc/arm-none-eabi/10.3.1/../../../../arm-none-eabi/lib/thumb/v7e-m/nofp\libc_nano.a
LOAD c:/artery/at32ide/platform/tools/gcc-arm-none-eabi-10.3-2021.10/bin/../lib/gcc/arm-none-eabi/10.3.1/../../../../arm-none-eabi/lib/thumb/v7e-m/nofp\libnosys.a
END GROUP
LOAD c:/artery/at32ide/platform/tools/gcc-arm-none-eabi-10.3-2021.10/bin/../lib/gcc/arm-none-eabi/10.3.1/thumb/v7e-m/nofp/crtend.o
LOAD c:/artery/at32ide/platform/tools/gcc-arm-none-eabi-10.3-2021.10/bin/../lib/gcc/arm-none-eabi/10.3.1/thumb/v7e-m/nofp/crtn.o
                0x20008000                _estack = 0x20008000
                0x00000200                _Min_Heap_Size = 0x200
                0x00000400                _Min_Stack_Size = 0x400

.isr_vector     0x08000000      0x170
                0x08000000                . = ALIGN (0x4)
 *(.isr_vector)
 .isr_vector    0x08000000      0x170 ./cmsis/startup_at32f415.o
                0x08000000                g_pfnVectors
                0x08000170                . = ALIGN (0x4)

.text           0x08000170      0xfd8
                0x08000170                . = ALIGN (0x4)
 *(.text)
 .text          0x08000170       0x40 c:/artery/at32ide/platform/tools/gcc-arm-none-eabi-10.3-2021.10/bin/../lib/gcc/arm-none-eabi/10.3.1/thumb/v7e-m/nofp/crtbegin.o
 .text          0x080001b0       0x30 c:/artery/at32ide/platform/tools/gcc-arm-none-eabi-10.3-2021.10/bin/../lib/gcc/arm-none-eabi/10.3.1/thumb/v7e-m/nofp\libgcc.a(_aeabi_uldivmod.o)
                0x080001b0                __aeabi_uldivmod
 .text          0x080001e0      0x2d0 c:/artery/at32ide/platform/tools/gcc-arm-none-eabi-10.3-2021.10/bin/../lib/gcc/arm-none-eabi/10.3.1/thumb/v7e-m/nofp\libgcc.a(_udivmoddi4.o)
                0x080001e0                __udivmoddi4
 .text          0x080004b0        0x4 c:/artery/at32ide/platform/tools/gcc-arm-none-eabi-10.3-2021.10/bin/../lib/gcc/arm-none-eabi/10.3.1/thumb/v7e-m/nofp\libgcc.a(_dvmd_tls.o)
                0x080004b0                __aeabi_idiv0
                0x080004b0                __aeabi_ldiv0
 *(.text*)
 .text.NMI_Handler
                0x080004b4        0xc ./user/at32f415_int.o
                0x080004b4                NMI_Handler
 .text.HardFault_Handler
                0x080004c0        0x6 ./user/at32f415_int.o
                0x080004c0                HardFault_Handler
 .text.MemManage_Handler
                0x080004c6        0x6 ./user/at32f415_int.o
                0x080004c6                MemManage_Handler
 .text.BusFault_Handler
                0x080004cc        0x6 ./user/at32f415_int.o
                0x080004cc                BusFault_Handler
 .text.UsageFault_Handler
                0x080004d2        0x6 ./user/at32f415_int.o
                0x080004d2                UsageFault_Handler
 .text.SVC_Handler
                0x080004d8        0xc ./user/at32f415_int.o
                0x080004d8                SVC_Handler
 .text.DebugMon_Handler
                0x080004e4        0xc ./user/at32f415_int.o
                0x080004e4                DebugMon_Handler
 .text.PendSV_Handler
                0x080004f0        0xc ./user/at32f415_int.o
                0x080004f0                PendSV_Handler
 .text.SysTick_Handler
                0x080004fc        0xc ./user/at32f415_int.o
                0x080004fc                SysTick_Handler
 .text.StatusLedInit
                0x08000508       0x44 ./user/main.o
                0x08000508                StatusLedInit
 .text.TMR1Init
                0x0800054c       0x90 ./user/main.o
                0x0800054c                TMR1Init
 .text.TMR1_OVF_TMR10_IRQHandler
                0x080005dc       0x70 ./user/main.o
                0x080005dc                TMR1_OVF_TMR10_IRQHandler
 .text.TMR1_CH_IRQHandler
                0x0800064c       0x2c ./user/main.o
                0x0800064c                TMR1_CH_IRQHandler
 .text.main     0x08000678       0x12 ./user/main.o
                0x08000678                main
 .text.crm_periph_clock_enable
                0x0800068a       0x7a ./firmware/at32f415_crm.o
                0x0800068a                crm_periph_clock_enable
 .text.crm_sysclk_switch_status_get
                0x08000704       0x1c ./firmware/at32f415_crm.o
                0x08000704                crm_sysclk_switch_status_get
 .text.crm_clocks_freq_get
                0x08000720      0x26c ./firmware/at32f415_crm.o
                0x08000720                crm_clocks_freq_get
 .text.gpio_init
                0x0800098c      0x136 ./firmware/at32f415_gpio.o
                0x0800098c                gpio_init
 .text.gpio_default_para_init
                0x08000ac2       0x32 ./firmware/at32f415_gpio.o
                0x08000ac2                gpio_default_para_init
 .text.gpio_bits_set
                0x08000af4       0x1c ./firmware/at32f415_gpio.o
                0x08000af4                gpio_bits_set
 .text.gpio_bits_reset
                0x08000b10       0x1c ./firmware/at32f415_gpio.o
                0x08000b10                gpio_bits_reset
 .text.__NVIC_SetPriorityGrouping
                0x08000b2c       0x48 ./firmware/at32f415_misc.o
 .text.__NVIC_GetPriorityGrouping
                0x08000b74       0x1c ./firmware/at32f415_misc.o
 .text.__NVIC_EnableIRQ
                0x08000b90       0x38 ./firmware/at32f415_misc.o
 .text.__NVIC_SetPriority
                0x08000bc8       0x54 ./firmware/at32f415_misc.o
 .text.NVIC_EncodePriority
                0x08000c1c       0x64 ./firmware/at32f415_misc.o
 .text.nvic_irq_enable
                0x08000c80       0x42 ./firmware/at32f415_misc.o
                0x08000c80                nvic_irq_enable
 .text.nvic_priority_group_config
                0x08000cc2       0x1a ./firmware/at32f415_misc.o
                0x08000cc2                nvic_priority_group_config
 .text.systick_clock_source_config
                0x08000cdc       0x38 ./firmware/at32f415_misc.o
                0x08000cdc                systick_clock_source_config
 .text.tmr_counter_enable
                0x08000d14       0x28 ./firmware/at32f415_tmr.o
                0x08000d14                tmr_counter_enable
 .text.tmr_base_init
                0x08000d3c       0x2c ./firmware/at32f415_tmr.o
                0x08000d3c                tmr_base_init
 .text.tmr_cnt_dir_set
                0x08000d68       0x28 ./firmware/at32f415_tmr.o
                0x08000d68                tmr_cnt_dir_set
 .text.tmr_channel_value_set
                0x08000d90       0x68 ./firmware/at32f415_tmr.o
                0x08000d90                tmr_channel_value_set
 .text.tmr_interrupt_enable
                0x08000df8       0x40 ./firmware/at32f415_tmr.o
                0x08000df8                tmr_interrupt_enable
 .text.tmr_interrupt_flag_get
                0x08000e38       0x3c ./firmware/at32f415_tmr.o
                0x08000e38                tmr_interrupt_flag_get
 .text.tmr_flag_clear
                0x08000e74       0x1c ./firmware/at32f415_tmr.o
                0x08000e74                tmr_flag_clear
 .text.Reset_Handler
                0x08000e90       0x48 ./cmsis/startup_at32f415.o
                0x08000e90                Reset_Handler
 .text.Default_Handler
                0x08000ed8        0x2 ./cmsis/startup_at32f415.o
                0x08000ed8                SDIO1_IRQHandler
                0x08000ed8                EXINT2_IRQHandler
                0x08000ed8                I2C2_EVT_IRQHandler
                0x08000ed8                I2C1_ERR_IRQHandler
                0x08000ed8                EXINT9_5_IRQHandler
                0x08000ed8                TAMP_STAMP_IRQHandler
                0x08000ed8                TMR5_GLOBAL_IRQHandler
                0x08000ed8                CMP2_IRQHandler
                0x08000ed8                CAN1_RX0_IRQHandler
                0x08000ed8                SPI1_IRQHandler
                0x08000ed8                OTGFS1_IRQHandler
                0x08000ed8                CMP1_IRQHandler
                0x08000ed8                DMA2_Channel2_IRQHandler
                0x08000ed8                DMA1_Channel4_IRQHandler
                0x08000ed8                ADC1_IRQHandler
                0x08000ed8                EXINT0_IRQHandler
                0x08000ed8                USART3_IRQHandler
                0x08000ed8                DMA1_Channel7_IRQHandler
                0x08000ed8                CAN1_RX1_IRQHandler
                0x08000ed8                UART5_IRQHandler
                0x08000ed8                DMA2_Channel1_IRQHandler
                0x08000ed8                EXINT3_IRQHandler
                0x08000ed8                DMA1_Channel6_IRQHandler
                0x08000ed8                UART4_IRQHandler
                0x08000ed8                ERTCAlarm_IRQHandler
                0x08000ed8                DMA1_Channel1_IRQHandler
                0x08000ed8                Default_Handler
                0x08000ed8                TMR3_GLOBAL_IRQHandler
                0x08000ed8                CAN1_SE_IRQHandler
                0x08000ed8                TMR1_BRK_TMR9_IRQHandler
                0x08000ed8                SPI2_IRQHandler
                0x08000ed8                TMR1_TRG_HALL_TMR11_IRQHandler
                0x08000ed8                CAN1_TX_IRQHandler
                0x08000ed8                DMA1_Channel5_IRQHandler
                0x08000ed8                TMR4_GLOBAL_IRQHandler
                0x08000ed8                EXINT4_IRQHandler
                0x08000ed8                DMA2_Channel6_7_IRQHandler
                0x08000ed8                PVM_IRQHandler
                0x08000ed8                DMA1_Channel3_IRQHandler
                0x08000ed8                I2C1_EVT_IRQHandler
                0x08000ed8                EXINT1_IRQHandler
                0x08000ed8                DMA2_Channel4_5_IRQHandler
                0x08000ed8                USART2_IRQHandler
                0x08000ed8                DMA1_Channel2_IRQHandler
                0x08000ed8                TMR2_GLOBAL_IRQHandler
                0x08000ed8                ERTC_WKUP_IRQHandler
                0x08000ed8                FLASH_IRQHandler
                0x08000ed8                I2C2_ERR_IRQHandler
                0x08000ed8                USART1_IRQHandler
                0x08000ed8                CRM_IRQHandler
                0x08000ed8                OTGFS1_WKUP_IRQHandler
                0x08000ed8                EXINT15_10_IRQHandler
                0x08000ed8                WWDT_IRQHandler
                0x08000ed8                DMA2_Channel3_IRQHandler
 *fill*         0x08000eda        0x2 
 .text.SystemInit
                0x08000edc       0xa8 ./cmsis/system_at32f415.o
                0x08000edc                SystemInit
 .text.at32_board_init
                0x08000f84       0x34 ./bsp/at32f415_board.o
                0x08000f84                at32_board_init
 .text.at32_button_init
                0x08000fb8       0x44 ./bsp/at32f415_board.o
                0x08000fb8                at32_button_init
 .text.at32_led_init
                0x08000ffc       0x68 ./bsp/at32f415_board.o
                0x08000ffc                at32_led_init
 .text.at32_led_off
                0x08001064       0x44 ./bsp/at32f415_board.o
                0x08001064                at32_led_off
 .text.delay_init
                0x080010a8       0x40 ./bsp/at32f415_board.o
                0x080010a8                delay_init
 .text.__libc_init_array
                0x080010e8       0x48 c:/artery/at32ide/platform/tools/gcc-arm-none-eabi-10.3-2021.10/bin/../lib/gcc/arm-none-eabi/10.3.1/../../../../arm-none-eabi/lib/thumb/v7e-m/nofp\libg_nano.a(lib_a-init.o)
                0x080010e8                __libc_init_array
 *(.glue_7)
 .glue_7        0x08001130        0x0 linker stubs
 *(.glue_7t)
 .glue_7t       0x08001130        0x0 linker stubs
 *(.eh_frame)
 .eh_frame      0x08001130        0x0 c:/artery/at32ide/platform/tools/gcc-arm-none-eabi-10.3-2021.10/bin/../lib/gcc/arm-none-eabi/10.3.1/thumb/v7e-m/nofp/crtbegin.o
 *(.init)
 .init          0x08001130        0x4 c:/artery/at32ide/platform/tools/gcc-arm-none-eabi-10.3-2021.10/bin/../lib/gcc/arm-none-eabi/10.3.1/thumb/v7e-m/nofp/crti.o
                0x08001130                _init
 .init          0x08001134        0x8 c:/artery/at32ide/platform/tools/gcc-arm-none-eabi-10.3-2021.10/bin/../lib/gcc/arm-none-eabi/10.3.1/thumb/v7e-m/nofp/crtn.o
 *(.fini)
 .fini          0x0800113c        0x4 c:/artery/at32ide/platform/tools/gcc-arm-none-eabi-10.3-2021.10/bin/../lib/gcc/arm-none-eabi/10.3.1/thumb/v7e-m/nofp/crti.o
                0x0800113c                _fini
 .fini          0x08001140        0x8 c:/artery/at32ide/platform/tools/gcc-arm-none-eabi-10.3-2021.10/bin/../lib/gcc/arm-none-eabi/10.3.1/thumb/v7e-m/nofp/crtn.o
                0x08001148                . = ALIGN (0x4)
                0x08001148                _etext = .

.vfp11_veneer   0x08001148        0x0
 .vfp11_veneer  0x08001148        0x0 linker stubs

.v4_bx          0x08001148        0x0
 .v4_bx         0x08001148        0x0 linker stubs

.iplt           0x08001148        0x0
 .iplt          0x08001148        0x0 c:/artery/at32ide/platform/tools/gcc-arm-none-eabi-10.3-2021.10/bin/../lib/gcc/arm-none-eabi/10.3.1/thumb/v7e-m/nofp/crtbegin.o

.rodata         0x08001148       0x28
                0x08001148                . = ALIGN (0x4)
 *(.rodata)
 .rodata        0x08001148       0x28 ./firmware/at32f415_crm.o
 *(.rodata*)
                0x08001170                . = ALIGN (0x4)

.ARM.extab
 *(.ARM.extab* .gnu.linkonce.armextab.*)

.ARM            0x08001170        0x8
                0x08001170                __exidx_start = .
 *(.ARM.exidx*)
 .ARM.exidx     0x08001170        0x8 c:/artery/at32ide/platform/tools/gcc-arm-none-eabi-10.3-2021.10/bin/../lib/gcc/arm-none-eabi/10.3.1/thumb/v7e-m/nofp\libgcc.a(_udivmoddi4.o)
                0x08001178                __exidx_end = .

.rel.dyn        0x08001178        0x0
 .rel.iplt      0x08001178        0x0 c:/artery/at32ide/platform/tools/gcc-arm-none-eabi-10.3-2021.10/bin/../lib/gcc/arm-none-eabi/10.3.1/thumb/v7e-m/nofp/crtbegin.o

.preinit_array  0x08001178        0x0
                0x08001178                PROVIDE (__preinit_array_start = .)
 *(.preinit_array*)
                0x08001178                PROVIDE (__preinit_array_end = .)

.init_array     0x08001178        0x4
                0x08001178                PROVIDE (__init_array_start = .)
 *(SORT_BY_NAME(.init_array.*))
 *(.init_array*)
 .init_array    0x08001178        0x4 c:/artery/at32ide/platform/tools/gcc-arm-none-eabi-10.3-2021.10/bin/../lib/gcc/arm-none-eabi/10.3.1/thumb/v7e-m/nofp/crtbegin.o
                0x0800117c                PROVIDE (__init_array_end = .)

.fini_array     0x0800117c        0x4
                [!provide]                PROVIDE (__fini_array_start = .)
 *(SORT_BY_NAME(.fini_array.*))
 *(.fini_array*)
 .fini_array    0x0800117c        0x4 c:/artery/at32ide/platform/tools/gcc-arm-none-eabi-10.3-2021.10/bin/../lib/gcc/arm-none-eabi/10.3.1/thumb/v7e-m/nofp/crtbegin.o
                [!provide]                PROVIDE (__fini_array_end = .)
                0x08001180                _sidata = LOADADDR (.data)

.data           0x20000000       0x30 load address 0x08001180
                0x20000000                . = ALIGN (0x4)
                0x20000000                _sdata = .
 *(.data)
 .data          0x20000000        0x8 ./user/main.o
                0x20000000                g_speed
                0x20000004                chOutputCompareValue
 .data          0x20000008        0x4 ./cmsis/system_at32f415.o
                0x20000008                system_core_clock
 .data          0x2000000c       0x21 ./bsp/at32f415_board.o
                0x2000000c                led_gpio_port
                0x20000018                led_gpio_pin
                0x20000020                led_gpio_crm_clk
 *(.data*)
                0x20000030                . = ALIGN (0x4)
 *fill*         0x2000002d        0x3 
                0x20000030                _edata = .

.igot.plt       0x20000030        0x0 load address 0x080011b0
 .igot.plt      0x20000030        0x0 c:/artery/at32ide/platform/tools/gcc-arm-none-eabi-10.3-2021.10/bin/../lib/gcc/arm-none-eabi/10.3.1/thumb/v7e-m/nofp/crtbegin.o
                0x20000030                . = ALIGN (0x4)

.bss            0x20000030       0x3c load address 0x080011b0
                0x20000030                _sbss = .
                0x20000030                __bss_start__ = _sbss
 *(.bss)
 .bss           0x20000030       0x1c c:/artery/at32ide/platform/tools/gcc-arm-none-eabi-10.3-2021.10/bin/../lib/gcc/arm-none-eabi/10.3.1/thumb/v7e-m/nofp/crtbegin.o
 .bss           0x2000004c       0x15 ./user/main.o
                0x2000004c                crm_clocks_freq_struct
                0x20000060                statusLedFlag
 *fill*         0x20000061        0x3 
 .bss           0x20000064        0x8 ./bsp/at32f415_board.o
 *(.bss*)
 *(COMMON)
                0x2000006c                . = ALIGN (0x4)
                0x2000006c                _ebss = .
                0x2000006c                __bss_end__ = _ebss

._user_heap_stack
                0x2000006c      0x604 load address 0x080011b0
                0x20000070                . = ALIGN (0x8)
 *fill*         0x2000006c        0x4 
                0x20000070                PROVIDE (end = .)
                [!provide]                PROVIDE (_end = .)
                0x20000270                . = (. + _Min_Heap_Size)
 *fill*         0x20000070      0x200 
                0x20000670                . = (. + _Min_Stack_Size)
 *fill*         0x20000270      0x400 
                0x20000670                . = ALIGN (0x8)

/DISCARD/
 libc.a(*)
 libm.a(*)
 libgcc.a(*)

.ARM.attributes
                0x00000000       0x2a
 *(.ARM.attributes)
 .ARM.attributes
                0x00000000       0x1e c:/artery/at32ide/platform/tools/gcc-arm-none-eabi-10.3-2021.10/bin/../lib/gcc/arm-none-eabi/10.3.1/thumb/v7e-m/nofp/crti.o
 .ARM.attributes
                0x0000001e       0x2e c:/artery/at32ide/platform/tools/gcc-arm-none-eabi-10.3-2021.10/bin/../lib/gcc/arm-none-eabi/10.3.1/thumb/v7e-m/nofp/crtbegin.o
 .ARM.attributes
                0x0000004c       0x2e ./user/at32f415_int.o
 .ARM.attributes
                0x0000007a       0x2e ./user/main.o
 .ARM.attributes
                0x000000a8       0x2e ./firmware/at32f415_crm.o
 .ARM.attributes
                0x000000d6       0x2e ./firmware/at32f415_gpio.o
 .ARM.attributes
                0x00000104       0x2e ./firmware/at32f415_misc.o
 .ARM.attributes
                0x00000132       0x2e ./firmware/at32f415_tmr.o
 .ARM.attributes
                0x00000160       0x21 ./cmsis/startup_at32f415.o
 .ARM.attributes
                0x00000181       0x2e ./cmsis/system_at32f415.o
 .ARM.attributes
                0x000001af       0x2e ./bsp/at32f415_board.o
 .ARM.attributes
                0x000001dd       0x1e c:/artery/at32ide/platform/tools/gcc-arm-none-eabi-10.3-2021.10/bin/../lib/gcc/arm-none-eabi/10.3.1/thumb/v7e-m/nofp\libgcc.a(_aeabi_uldivmod.o)
 .ARM.attributes
                0x000001fb       0x2e c:/artery/at32ide/platform/tools/gcc-arm-none-eabi-10.3-2021.10/bin/../lib/gcc/arm-none-eabi/10.3.1/thumb/v7e-m/nofp\libgcc.a(_udivmoddi4.o)
 .ARM.attributes
                0x00000229       0x1e c:/artery/at32ide/platform/tools/gcc-arm-none-eabi-10.3-2021.10/bin/../lib/gcc/arm-none-eabi/10.3.1/thumb/v7e-m/nofp\libgcc.a(_dvmd_tls.o)
 .ARM.attributes
                0x00000247       0x2e c:/artery/at32ide/platform/tools/gcc-arm-none-eabi-10.3-2021.10/bin/../lib/gcc/arm-none-eabi/10.3.1/../../../../arm-none-eabi/lib/thumb/v7e-m/nofp\libg_nano.a(lib_a-init.o)
 .ARM.attributes
                0x00000275       0x1e c:/artery/at32ide/platform/tools/gcc-arm-none-eabi-10.3-2021.10/bin/../lib/gcc/arm-none-eabi/10.3.1/thumb/v7e-m/nofp/crtn.o
OUTPUT(AITDIPLOM.elf elf32-littlearm)
LOAD linker stubs
LOAD c:/artery/at32ide/platform/tools/gcc-arm-none-eabi-10.3-2021.10/bin/../lib/gcc/arm-none-eabi/10.3.1/../../../../arm-none-eabi/lib/thumb/v7e-m/nofp\libc.a
LOAD c:/artery/at32ide/platform/tools/gcc-arm-none-eabi-10.3-2021.10/bin/../lib/gcc/arm-none-eabi/10.3.1/../../../../arm-none-eabi/lib/thumb/v7e-m/nofp\libm.a
LOAD c:/artery/at32ide/platform/tools/gcc-arm-none-eabi-10.3-2021.10/bin/../lib/gcc/arm-none-eabi/10.3.1/thumb/v7e-m/nofp\libgcc.a

.debug_info     0x00000000     0xc220
 .debug_info    0x00000000      0x10e ./user/at32f415_int.o
 .debug_info    0x0000010e     0x1fa3 ./user/main.o
 .debug_info    0x000020b1     0x217a ./firmware/at32f415_crm.o
 .debug_info    0x0000422b     0x1b0a ./firmware/at32f415_gpio.o
 .debug_info    0x00005d35      0x965 ./firmware/at32f415_misc.o
 .debug_info    0x0000669a     0x268a ./firmware/at32f415_tmr.o
 .debug_info    0x00008d24       0x22 ./cmsis/startup_at32f415.o
 .debug_info    0x00008d46     0x14b9 ./cmsis/system_at32f415.o
 .debug_info    0x0000a1ff     0x2021 ./bsp/at32f415_board.o

.debug_abbrev   0x00000000     0x1034
 .debug_abbrev  0x00000000       0x44 ./user/at32f415_int.o
 .debug_abbrev  0x00000044      0x1d8 ./user/main.o
 .debug_abbrev  0x0000021c      0x243 ./firmware/at32f415_crm.o
 .debug_abbrev  0x0000045f      0x203 ./firmware/at32f415_gpio.o
 .debug_abbrev  0x00000662      0x245 ./firmware/at32f415_misc.o
 .debug_abbrev  0x000008a7      0x203 ./firmware/at32f415_tmr.o
 .debug_abbrev  0x00000aaa       0x12 ./cmsis/startup_at32f415.o
 .debug_abbrev  0x00000abc      0x187 ./cmsis/system_at32f415.o
 .debug_abbrev  0x00000c43      0x3f1 ./bsp/at32f415_board.o

.debug_aranges  0x00000000      0x5c8
 .debug_aranges
                0x00000000       0x60 ./user/at32f415_int.o
 .debug_aranges
                0x00000060       0x48 ./user/main.o
 .debug_aranges
                0x000000a8      0x138 ./firmware/at32f415_crm.o
 .debug_aranges
                0x000001e0       0xa0 ./firmware/at32f415_gpio.o
 .debug_aranges
                0x00000280       0x88 ./firmware/at32f415_misc.o
 .debug_aranges
                0x00000308      0x1e0 ./firmware/at32f415_tmr.o
 .debug_aranges
                0x000004e8       0x28 ./cmsis/startup_at32f415.o
 .debug_aranges
                0x00000510       0x28 ./cmsis/system_at32f415.o
 .debug_aranges
                0x00000538       0x90 ./bsp/at32f415_board.o

.debug_ranges   0x00000000      0x540
 .debug_ranges  0x00000000       0x50 ./user/at32f415_int.o
 .debug_ranges  0x00000050       0x38 ./user/main.o
 .debug_ranges  0x00000088      0x128 ./firmware/at32f415_crm.o
 .debug_ranges  0x000001b0       0x90 ./firmware/at32f415_gpio.o
 .debug_ranges  0x00000240       0x78 ./firmware/at32f415_misc.o
 .debug_ranges  0x000002b8      0x1d0 ./firmware/at32f415_tmr.o
 .debug_ranges  0x00000488       0x20 ./cmsis/startup_at32f415.o
 .debug_ranges  0x000004a8       0x18 ./cmsis/system_at32f415.o
 .debug_ranges  0x000004c0       0x80 ./bsp/at32f415_board.o

.debug_line     0x00000000     0x2cf2
 .debug_line    0x00000000       0xf7 ./user/at32f415_int.o
 .debug_line    0x000000f7      0x281 ./user/main.o
 .debug_line    0x00000378      0xa0c ./firmware/at32f415_crm.o
 .debug_line    0x00000d84      0x554 ./firmware/at32f415_gpio.o
 .debug_line    0x000012d8      0x440 ./firmware/at32f415_misc.o
 .debug_line    0x00001718      0xbb9 ./firmware/at32f415_tmr.o
 .debug_line    0x000022d1       0x77 ./cmsis/startup_at32f415.o
 .debug_line    0x00002348      0x38b ./cmsis/system_at32f415.o
 .debug_line    0x000026d3      0x61f ./bsp/at32f415_board.o

.debug_str      0x00000000     0x52ac
 .debug_str     0x00000000      0x199 ./user/at32f415_int.o
                                0x1cd (size before relaxing)
 .debug_str     0x00000199     0x12c6 ./user/main.o
                               0x1433 (size before relaxing)
 .debug_str     0x0000145f     0x1834 ./firmware/at32f415_crm.o
                               0x1d28 (size before relaxing)
 .debug_str     0x00002c93      0x713 ./firmware/at32f415_gpio.o
                               0x101b (size before relaxing)
 .debug_str     0x000033a6      0x3b5 ./firmware/at32f415_misc.o
                                0x97e (size before relaxing)
 .debug_str     0x0000375b     0x144e ./firmware/at32f415_tmr.o
                               0x1ef9 (size before relaxing)
 .debug_str     0x00004ba9       0x2a ./cmsis/startup_at32f415.o
                                 0x4d (size before relaxing)
 .debug_str     0x00004bd3       0x63 ./cmsis/system_at32f415.o
                                0xa0f (size before relaxing)
 .debug_str     0x00004c36      0x676 ./bsp/at32f415_board.o
                               0x1209 (size before relaxing)

.comment        0x00000000       0x49
 .comment       0x00000000       0x49 ./user/at32f415_int.o
                                 0x4a (size before relaxing)
 .comment       0x00000049       0x4a ./user/main.o
 .comment       0x00000049       0x4a ./firmware/at32f415_crm.o
 .comment       0x00000049       0x4a ./firmware/at32f415_gpio.o
 .comment       0x00000049       0x4a ./firmware/at32f415_misc.o
 .comment       0x00000049       0x4a ./firmware/at32f415_tmr.o
 .comment       0x00000049       0x4a ./cmsis/system_at32f415.o
 .comment       0x00000049       0x4a ./bsp/at32f415_board.o

.debug_frame    0x00000000     0x1820
 .debug_frame   0x00000000      0x110 ./user/at32f415_int.o
 .debug_frame   0x00000110       0xc4 ./user/main.o
 .debug_frame   0x000001d4      0x59c ./firmware/at32f415_crm.o
 .debug_frame   0x00000770      0x2a8 ./firmware/at32f415_gpio.o
 .debug_frame   0x00000a18      0x210 ./firmware/at32f415_misc.o
 .debug_frame   0x00000c28      0x8ec ./firmware/at32f415_tmr.o
 .debug_frame   0x00001514       0x60 ./cmsis/system_at32f415.o
 .debug_frame   0x00001574      0x220 ./bsp/at32f415_board.o
 .debug_frame   0x00001794       0x2c c:/artery/at32ide/platform/tools/gcc-arm-none-eabi-10.3-2021.10/bin/../lib/gcc/arm-none-eabi/10.3.1/thumb/v7e-m/nofp\libgcc.a(_aeabi_uldivmod.o)
 .debug_frame   0x000017c0       0x34 c:/artery/at32ide/platform/tools/gcc-arm-none-eabi-10.3-2021.10/bin/../lib/gcc/arm-none-eabi/10.3.1/thumb/v7e-m/nofp\libgcc.a(_udivmoddi4.o)
 .debug_frame   0x000017f4       0x2c c:/artery/at32ide/platform/tools/gcc-arm-none-eabi-10.3-2021.10/bin/../lib/gcc/arm-none-eabi/10.3.1/../../../../arm-none-eabi/lib/thumb/v7e-m/nofp\libg_nano.a(lib_a-init.o)

.stabstr        0x00000000      0x117
 .stabstr       0x00000000      0x117 c:/artery/at32ide/platform/tools/gcc-arm-none-eabi-10.3-2021.10/bin/../lib/gcc/arm-none-eabi/10.3.1/../../../../arm-none-eabi/lib/thumb/v7e-m/nofp\libnosys.a(close.o)
